MASON VARIANT MATERIALIZER
==========================

__OPTIONS____________________________________________________________________

VERBOSITY    	1

HAPLOTYPE SEP	/

INPUT FASTA  	random.fasta
INPUT VCF    	random_var1.vcf
OUTPUT FILE  	materializer.random_var1.fasta


