MASON VARIANT MATERIALIZER
==========================

__INITIALIZATION_____________________________________________________________

Opening files... OK

__MATERIALIZING______________________________________________________________

Materializing... 1/1 1/2 2/1 2/2 DONE
